// Jest Snapshot v1, https://goo.gl/fbAQLP

exports[`permissions roles 1`] = `
Array [
  anonymous {
    "permission": "Browse Projects",
    "profile": "Owner",
  },
  anonymous {
    "permission": "Read Projects",
    "profile": "Owner",
  },
  anonymous {
    "permission": "Edit Projects",
    "profile": "Owner",
  },
  anonymous {
    "permission": "Add Projects",
    "profile": "Owner",
  },
  anonymous {
    "permission": "Transfer Projects",
    "profile": "Owner",
  },
  anonymous {
    "permission": "Delete Projects",
    "profile": "Owner",
  },
  anonymous {
    "permission": "Browse Secrets",
    "profile": "Owner",
  },
  anonymous {
    "permission": "Read Secrets",
    "profile": "Owner",
  },
  anonymous {
    "permission": "Edit Secrets",
    "profile": "Owner",
  },
  anonymous {
    "permission": "Add Secrets",
    "profile": "Owner",
  },
  anonymous {
    "permission": "Delete Secrets",
    "profile": "Owner",
  },
  anonymous {
    "permission": "Browse Content",
    "profile": "Owner",
  },
  anonymous {
    "permission": "Read Content",
    "profile": "Owner",
  },
  anonymous {
    "permission": "Edit Content",
    "profile": "Owner",
  },
  anonymous {
    "permission": "Upload Content",
    "profile": "Owner",
  },
  anonymous {
    "permission": "Add Content",
    "profile": "Owner",
  },
  anonymous {
    "permission": "Delete Content",
    "profile": "Owner",
  },
  anonymous {
    "permission": "Browse Posts",
    "profile": "Owner",
  },
  anonymous {
    "permission": "Read Posts",
    "profile": "Owner",
  },
  anonymous {
    "permission": "Edit Posts",
    "profile": "Owner",
  },
  anonymous {
    "permission": "Add Posts",
    "profile": "Owner",
  },
  anonymous {
    "permission": "Delete Posts",
    "profile": "Owner",
  },
  anonymous {
    "permission": "Browse Users",
    "profile": "Owner",
  },
  anonymous {
    "permission": "Read Users",
    "profile": "Owner",
  },
  anonymous {
    "permission": "Edit Users",
    "profile": "Owner",
  },
  anonymous {
    "permission": "Add Users",
    "profile": "Owner",
  },
  anonymous {
    "permission": "Delete Users",
    "profile": "Owner",
  },
  anonymous {
    "permission": "Browse Teams",
    "profile": "Owner",
  },
  anonymous {
    "permission": "Read Teams",
    "profile": "Owner",
  },
  anonymous {
    "permission": "Edit Teams",
    "profile": "Owner",
  },
  anonymous {
    "permission": "Add Teams",
    "profile": "Owner",
  },
  anonymous {
    "permission": "Delete Teams",
    "profile": "Owner",
  },
  anonymous {
    "permission": "Browse Roles",
    "profile": "Owner",
  },
  anonymous {
    "permission": "Read Roles",
    "profile": "Owner",
  },
  anonymous {
    "permission": "Edit Roles",
    "profile": "Owner",
  },
  anonymous {
    "permission": "Add Roles",
    "profile": "Owner",
  },
  anonymous {
    "permission": "Delete Roles",
    "profile": "Owner",
  },
  anonymous {
    "permission": "Browse Role Profiles",
    "profile": "Owner",
  },
  anonymous {
    "permission": "Read Role Profiles",
    "profile": "Owner",
  },
  anonymous {
    "permission": "Edit Role Profiles",
    "profile": "Owner",
  },
  anonymous {
    "permission": "Add Role Profiles",
    "profile": "Owner",
  },
  anonymous {
    "permission": "Delete Role Profiles",
    "profile": "Owner",
  },
  anonymous {
    "permission": "Browse Role Settings",
    "profile": "Owner",
  },
  anonymous {
    "permission": "Read Role Settings",
    "profile": "Owner",
  },
  anonymous {
    "permission": "Edit Role Settings",
    "profile": "Owner",
  },
  anonymous {
    "permission": "Add Role Settings",
    "profile": "Owner",
  },
  anonymous {
    "permission": "Delete Role Settings",
    "profile": "Owner",
  },
  anonymous {
    "permission": "Browse Invites",
    "profile": "Owner",
  },
  anonymous {
    "permission": "Read Invites",
    "profile": "Owner",
  },
  anonymous {
    "permission": "Approve Invites",
    "profile": "Owner",
  },
  anonymous {
    "permission": "Edit Invites",
    "profile": "Owner",
  },
  anonymous {
    "permission": "Add Invites",
    "profile": "Owner",
  },
  anonymous {
    "permission": "Delete Invites",
    "profile": "Owner",
  },
  anonymous {
    "permission": "Browse Projects",
    "profile": "Administrator",
  },
  anonymous {
    "permission": "Read Projects",
    "profile": "Administrator",
  },
  anonymous {
    "permission": "Edit Projects",
    "profile": "Administrator",
  },
  anonymous {
    "permission": "Add Projects",
    "profile": "Administrator",
  },
  anonymous {
    "permission": "Transfer Projects",
    "profile": "Administrator",
  },
  anonymous {
    "permission": "Delete Projects",
    "profile": "Administrator",
  },
  anonymous {
    "permission": "Browse Secrets",
    "profile": "Administrator",
  },
  anonymous {
    "permission": "Read Secrets",
    "profile": "Administrator",
  },
  anonymous {
    "permission": "Edit Secrets",
    "profile": "Administrator",
  },
  anonymous {
    "permission": "Add Secrets",
    "profile": "Administrator",
  },
  anonymous {
    "permission": "Delete Secrets",
    "profile": "Administrator",
  },
  anonymous {
    "permission": "Browse Content",
    "profile": "Administrator",
  },
  anonymous {
    "permission": "Read Content",
    "profile": "Administrator",
  },
  anonymous {
    "permission": "Edit Content",
    "profile": "Administrator",
  },
  anonymous {
    "permission": "Upload Content",
    "profile": "Administrator",
  },
  anonymous {
    "permission": "Add Content",
    "profile": "Administrator",
  },
  anonymous {
    "permission": "Delete Content",
    "profile": "Administrator",
  },
  anonymous {
    "permission": "Browse Posts",
    "profile": "Administrator",
  },
  anonymous {
    "permission": "Read Posts",
    "profile": "Administrator",
  },
  anonymous {
    "permission": "Edit Posts",
    "profile": "Administrator",
  },
  anonymous {
    "permission": "Add Posts",
    "profile": "Administrator",
  },
  anonymous {
    "permission": "Delete Posts",
    "profile": "Administrator",
  },
  anonymous {
    "permission": "Browse Users",
    "profile": "Administrator",
  },
  anonymous {
    "permission": "Read Users",
    "profile": "Administrator",
  },
  anonymous {
    "permission": "Edit Users",
    "profile": "Administrator",
  },
  anonymous {
    "permission": "Add Users",
    "profile": "Administrator",
  },
  anonymous {
    "permission": "Delete Users",
    "profile": "Administrator",
  },
  anonymous {
    "permission": "Browse Teams",
    "profile": "Administrator",
  },
  anonymous {
    "permission": "Read Teams",
    "profile": "Administrator",
  },
  anonymous {
    "permission": "Edit Teams",
    "profile": "Administrator",
  },
  anonymous {
    "permission": "Add Teams",
    "profile": "Administrator",
  },
  anonymous {
    "permission": "Delete Teams",
    "profile": "Administrator",
  },
  anonymous {
    "permission": "Browse Roles",
    "profile": "Administrator",
  },
  anonymous {
    "permission": "Read Roles",
    "profile": "Administrator",
  },
  anonymous {
    "permission": "Edit Roles",
    "profile": "Administrator",
  },
  anonymous {
    "permission": "Add Roles",
    "profile": "Administrator",
  },
  anonymous {
    "permission": "Delete Roles",
    "profile": "Administrator",
  },
  anonymous {
    "permission": "Browse Role Profiles",
    "profile": "Administrator",
  },
  anonymous {
    "permission": "Read Role Profiles",
    "profile": "Administrator",
  },
  anonymous {
    "permission": "Edit Role Profiles",
    "profile": "Administrator",
  },
  anonymous {
    "permission": "Add Role Profiles",
    "profile": "Administrator",
  },
  anonymous {
    "permission": "Delete Role Profiles",
    "profile": "Administrator",
  },
  anonymous {
    "permission": "Browse Role Settings",
    "profile": "Administrator",
  },
  anonymous {
    "permission": "Read Role Settings",
    "profile": "Administrator",
  },
  anonymous {
    "permission": "Edit Role Settings",
    "profile": "Administrator",
  },
  anonymous {
    "permission": "Add Role Settings",
    "profile": "Administrator",
  },
  anonymous {
    "permission": "Delete Role Settings",
    "profile": "Administrator",
  },
  anonymous {
    "permission": "Browse Invites",
    "profile": "Administrator",
  },
  anonymous {
    "permission": "Read Invites",
    "profile": "Administrator",
  },
  anonymous {
    "permission": "Approve Invites",
    "profile": "Administrator",
  },
  anonymous {
    "permission": "Edit Invites",
    "profile": "Administrator",
  },
  anonymous {
    "permission": "Add Invites",
    "profile": "Administrator",
  },
  anonymous {
    "permission": "Delete Invites",
    "profile": "Administrator",
  },
  anonymous {
    "permission": "Browse Projects",
    "profile": "Editor",
  },
  anonymous {
    "permission": "Read Projects",
    "profile": "Editor",
  },
  anonymous {
    "permission": "Edit Projects",
    "profile": "Editor",
  },
  anonymous {
    "permission": "Add Projects",
    "profile": "Editor",
  },
  anonymous {
    "permission": "Delete Projects",
    "profile": "Editor",
  },
  anonymous {
    "permission": "Browse Secrets",
    "profile": "Editor",
  },
  anonymous {
    "permission": "Read Secrets",
    "profile": "Editor",
  },
  anonymous {
    "permission": "Edit Secrets",
    "profile": "Editor",
  },
  anonymous {
    "permission": "Add Secrets",
    "profile": "Editor",
  },
  anonymous {
    "permission": "Delete Secrets",
    "profile": "Editor",
  },
  anonymous {
    "permission": "Browse Content",
    "profile": "Editor",
  },
  anonymous {
    "permission": "Read Content",
    "profile": "Editor",
  },
  anonymous {
    "permission": "Edit Content",
    "profile": "Editor",
  },
  anonymous {
    "permission": "Add Content",
    "profile": "Editor",
  },
  anonymous {
    "permission": "Delete Content",
    "profile": "Editor",
  },
  anonymous {
    "permission": "Browse Posts",
    "profile": "Editor",
  },
  anonymous {
    "permission": "Read Posts",
    "profile": "Editor",
  },
  anonymous {
    "permission": "Edit Posts",
    "profile": "Editor",
  },
  anonymous {
    "permission": "Add Posts",
    "profile": "Editor",
  },
  anonymous {
    "permission": "Delete Posts",
    "profile": "Editor",
  },
  anonymous {
    "permission": "Browse Invites",
    "profile": "Editor",
  },
  anonymous {
    "permission": "Read Invites",
    "profile": "Editor",
  },
  anonymous {
    "permission": "Edit Invites",
    "profile": "Editor",
  },
  anonymous {
    "permission": "Add Invites",
    "profile": "Editor",
  },
  anonymous {
    "permission": "Delete Invites",
    "profile": "Editor",
  },
  anonymous {
    "permission": "Browse Users",
    "profile": "Editor",
  },
  anonymous {
    "permission": "Read Users",
    "profile": "Editor",
  },
  anonymous {
    "permission": "Browse Teams",
    "profile": "Editor",
  },
  anonymous {
    "permission": "Read Teams",
    "profile": "Editor",
  },
  anonymous {
    "permission": "Browse Roles",
    "profile": "Editor",
  },
  anonymous {
    "permission": "Read Roles",
    "profile": "Editor",
  },
  anonymous {
    "permission": "Browse Role Profiles",
    "profile": "Editor",
  },
  anonymous {
    "permission": "Read Role Profiles",
    "profile": "Editor",
  },
  anonymous {
    "permission": "Browse Role Settings",
    "profile": "Editor",
  },
  anonymous {
    "permission": "Read Role Settings",
    "profile": "Editor",
  },
  anonymous {
    "permission": "Upload Content",
    "profile": "Editor",
  },
  anonymous {
    "permission": "Browse Projects",
    "profile": "Author",
  },
  anonymous {
    "permission": "Read Projects",
    "profile": "Author",
  },
  anonymous {
    "permission": "Edit Projects",
    "profile": "Author",
  },
  anonymous {
    "permission": "Add Projects",
    "profile": "Author",
  },
  anonymous {
    "permission": "Delete Projects",
    "profile": "Author",
  },
  anonymous {
    "permission": "Browse Secrets",
    "profile": "Author",
  },
  anonymous {
    "permission": "Read Secrets",
    "profile": "Author",
  },
  anonymous {
    "permission": "Edit Secrets",
    "profile": "Author",
  },
  anonymous {
    "permission": "Add Secrets",
    "profile": "Author",
  },
  anonymous {
    "permission": "Delete Secrets",
    "profile": "Author",
  },
  anonymous {
    "permission": "Browse Content",
    "profile": "Author",
  },
  anonymous {
    "permission": "Read Content",
    "profile": "Author",
  },
  anonymous {
    "permission": "Edit Content",
    "profile": "Author",
  },
  anonymous {
    "permission": "Add Content",
    "profile": "Author",
  },
  anonymous {
    "permission": "Delete Content",
    "profile": "Author",
  },
  anonymous {
    "permission": "Browse Posts",
    "profile": "Author",
  },
  anonymous {
    "permission": "Read Posts",
    "profile": "Author",
  },
  anonymous {
    "permission": "Edit Posts",
    "profile": "Author",
  },
  anonymous {
    "permission": "Add Posts",
    "profile": "Author",
  },
  anonymous {
    "permission": "Delete Posts",
    "profile": "Author",
  },
  anonymous {
    "permission": "Browse Invites",
    "profile": "Author",
  },
  anonymous {
    "permission": "Read Invites",
    "profile": "Author",
  },
  anonymous {
    "permission": "Edit Invites",
    "profile": "Author",
  },
  anonymous {
    "permission": "Add Invites",
    "profile": "Author",
  },
  anonymous {
    "permission": "Delete Invites",
    "profile": "Author",
  },
  anonymous {
    "permission": "Browse Users",
    "profile": "Author",
  },
  anonymous {
    "permission": "Read Users",
    "profile": "Author",
  },
  anonymous {
    "permission": "Browse Teams",
    "profile": "Author",
  },
  anonymous {
    "permission": "Read Teams",
    "profile": "Author",
  },
  anonymous {
    "permission": "Browse Roles",
    "profile": "Author",
  },
  anonymous {
    "permission": "Read Roles",
    "profile": "Author",
  },
  anonymous {
    "permission": "Browse Role Profiles",
    "profile": "Author",
  },
  anonymous {
    "permission": "Read Role Profiles",
    "profile": "Author",
  },
  anonymous {
    "permission": "Browse Role Settings",
    "profile": "Author",
  },
  anonymous {
    "permission": "Read Role Settings",
    "profile": "Author",
  },
  anonymous {
    "permission": "Upload Content",
    "profile": "Author",
  },
  anonymous {
    "permission": "Browse Projects",
    "profile": "Contributor",
  },
  anonymous {
    "permission": "Read Projects",
    "profile": "Contributor",
  },
  anonymous {
    "permission": "Edit Projects",
    "profile": "Contributor",
  },
  anonymous {
    "permission": "Add Projects",
    "profile": "Contributor",
  },
  anonymous {
    "permission": "Delete Projects",
    "profile": "Contributor",
  },
  anonymous {
    "permission": "Browse Secrets",
    "profile": "Contributor",
  },
  anonymous {
    "permission": "Read Secrets",
    "profile": "Contributor",
  },
  anonymous {
    "permission": "Edit Secrets",
    "profile": "Contributor",
  },
  anonymous {
    "permission": "Add Secrets",
    "profile": "Contributor",
  },
  anonymous {
    "permission": "Delete Secrets",
    "profile": "Contributor",
  },
  anonymous {
    "permission": "Browse Content",
    "profile": "Contributor",
  },
  anonymous {
    "permission": "Read Content",
    "profile": "Contributor",
  },
  anonymous {
    "permission": "Edit Content",
    "profile": "Contributor",
  },
  anonymous {
    "permission": "Add Content",
    "profile": "Contributor",
  },
  anonymous {
    "permission": "Delete Content",
    "profile": "Contributor",
  },
  anonymous {
    "permission": "Browse Posts",
    "profile": "Contributor",
  },
  anonymous {
    "permission": "Read Posts",
    "profile": "Contributor",
  },
  anonymous {
    "permission": "Edit Posts",
    "profile": "Contributor",
  },
  anonymous {
    "permission": "Add Posts",
    "profile": "Contributor",
  },
  anonymous {
    "permission": "Delete Posts",
    "profile": "Contributor",
  },
  anonymous {
    "permission": "Browse Invites",
    "profile": "Contributor",
  },
  anonymous {
    "permission": "Read Invites",
    "profile": "Contributor",
  },
  anonymous {
    "permission": "Edit Invites",
    "profile": "Contributor",
  },
  anonymous {
    "permission": "Add Invites",
    "profile": "Contributor",
  },
  anonymous {
    "permission": "Delete Invites",
    "profile": "Contributor",
  },
  anonymous {
    "permission": "Browse Users",
    "profile": "Contributor",
  },
  anonymous {
    "permission": "Read Users",
    "profile": "Contributor",
  },
  anonymous {
    "permission": "Browse Teams",
    "profile": "Contributor",
  },
  anonymous {
    "permission": "Read Teams",
    "profile": "Contributor",
  },
  anonymous {
    "permission": "Browse Roles",
    "profile": "Contributor",
  },
  anonymous {
    "permission": "Read Roles",
    "profile": "Contributor",
  },
  anonymous {
    "permission": "Browse Role Profiles",
    "profile": "Contributor",
  },
  anonymous {
    "permission": "Read Role Profiles",
    "profile": "Contributor",
  },
  anonymous {
    "permission": "Browse Role Settings",
    "profile": "Contributor",
  },
  anonymous {
    "permission": "Read Role Settings",
    "profile": "Contributor",
  },
  anonymous {
    "permission": "Upload Content",
    "profile": "Contributor",
  },
  anonymous {
    "permission": "Browse Projects",
    "profile": "Member",
  },
  anonymous {
    "permission": "Read Projects",
    "profile": "Member",
  },
  anonymous {
    "permission": "Browse Secrets",
    "profile": "Member",
  },
  anonymous {
    "permission": "Read Secrets",
    "profile": "Member",
  },
  anonymous {
    "permission": "Browse Content",
    "profile": "Member",
  },
  anonymous {
    "permission": "Read Content",
    "profile": "Member",
  },
  anonymous {
    "permission": "Browse Posts",
    "profile": "Member",
  },
  anonymous {
    "permission": "Read Posts",
    "profile": "Member",
  },
  anonymous {
    "permission": "Browse Users",
    "profile": "Member",
  },
  anonymous {
    "permission": "Read Users",
    "profile": "Member",
  },
  anonymous {
    "permission": "Browse Teams",
    "profile": "Member",
  },
  anonymous {
    "permission": "Read Teams",
    "profile": "Member",
  },
  anonymous {
    "permission": "Browse Roles",
    "profile": "Member",
  },
  anonymous {
    "permission": "Read Roles",
    "profile": "Member",
  },
  anonymous {
    "permission": "Browse Role Profiles",
    "profile": "Member",
  },
  anonymous {
    "permission": "Read Role Profiles",
    "profile": "Member",
  },
  anonymous {
    "permission": "Browse Role Settings",
    "profile": "Member",
  },
  anonymous {
    "permission": "Read Role Settings",
    "profile": "Member",
  },
  anonymous {
    "permission": "Browse Invites",
    "profile": "Member",
  },
  anonymous {
    "permission": "Read Invites",
    "profile": "Member",
  },
]
`;
