// Jest Snapshot v1, https://goo.gl/fbAQLP

exports[`collaboration add collaborations 1`] = `
Object {
  "user1": Object {
    "org1": Array [
      "Add Content",
      "Add Invites",
      "Add Posts",
      "Add Projects",
      "Add Role Profiles",
      "Add Role Settings",
      "Add Roles",
      "Add Secrets",
      "Add Teams",
      "Add Users",
      "Approve Invites",
      "Browse Content",
      "Browse Invites",
      "Browse Posts",
      "Browse Projects",
      "Browse Role Profiles",
      "Browse Role Settings",
      "Browse Roles",
      "Browse Secrets",
      "Browse Teams",
      "Browse Users",
      "Delete Content",
      "Delete Invites",
      "Delete Posts",
      "Delete Projects",
      "Delete Role Profiles",
      "Delete Role Settings",
      "Delete Roles",
      "Delete Secrets",
      "Delete Teams",
      "Delete Users",
      "Edit Content",
      "Edit Invites",
      "Edit Posts",
      "Edit Projects",
      "Edit Role Profiles",
      "Edit Role Settings",
      "Edit Roles",
      "Edit Secrets",
      "Edit Teams",
      "Edit Users",
      "Read Content",
      "Read Invites",
      "Read Posts",
      "Read Projects",
      "Read Role Profiles",
      "Read Role Settings",
      "Read Roles",
      "Read Secrets",
      "Read Teams",
      "Read Users",
      "Transfer Projects",
      "Upload Content",
    ],
    "team1": Array [
      "Add Content",
      "Add Invites",
      "Add Posts",
      "Add Projects",
      "Add Role Profiles",
      "Add Role Settings",
      "Add Roles",
      "Add Secrets",
      "Add Teams",
      "Add Users",
      "Approve Invites",
      "Browse Content",
      "Browse Invites",
      "Browse Posts",
      "Browse Projects",
      "Browse Role Profiles",
      "Browse Role Settings",
      "Browse Roles",
      "Browse Secrets",
      "Browse Teams",
      "Browse Users",
      "Delete Content",
      "Delete Invites",
      "Delete Posts",
      "Delete Projects",
      "Delete Role Profiles",
      "Delete Role Settings",
      "Delete Roles",
      "Delete Secrets",
      "Delete Teams",
      "Delete Users",
      "Edit Content",
      "Edit Invites",
      "Edit Posts",
      "Edit Projects",
      "Edit Role Profiles",
      "Edit Role Settings",
      "Edit Roles",
      "Edit Secrets",
      "Edit Teams",
      "Edit Users",
      "Read Content",
      "Read Invites",
      "Read Posts",
      "Read Projects",
      "Read Role Profiles",
      "Read Role Settings",
      "Read Roles",
      "Read Secrets",
      "Read Teams",
      "Read Users",
      "Transfer Projects",
      "Upload Content",
    ],
    "team2": Array [
      "Add Content",
      "Add Invites",
      "Add Posts",
      "Add Projects",
      "Add Role Profiles",
      "Add Role Settings",
      "Add Roles",
      "Add Secrets",
      "Add Teams",
      "Add Users",
      "Approve Invites",
      "Browse Content",
      "Browse Invites",
      "Browse Posts",
      "Browse Projects",
      "Browse Role Profiles",
      "Browse Role Settings",
      "Browse Roles",
      "Browse Secrets",
      "Browse Teams",
      "Browse Users",
      "Delete Content",
      "Delete Invites",
      "Delete Posts",
      "Delete Projects",
      "Delete Role Profiles",
      "Delete Role Settings",
      "Delete Roles",
      "Delete Secrets",
      "Delete Teams",
      "Delete Users",
      "Edit Content",
      "Edit Invites",
      "Edit Posts",
      "Edit Projects",
      "Edit Role Profiles",
      "Edit Role Settings",
      "Edit Roles",
      "Edit Secrets",
      "Edit Teams",
      "Edit Users",
      "Read Content",
      "Read Invites",
      "Read Posts",
      "Read Projects",
      "Read Role Profiles",
      "Read Role Settings",
      "Read Roles",
      "Read Secrets",
      "Read Teams",
      "Read Users",
      "Transfer Projects",
      "Upload Content",
    ],
  },
  "user2": Object {
    "team1": Array [
      "Add Content",
      "Add Invites",
      "Add Posts",
      "Add Projects",
      "Add Secrets",
      "Browse Content",
      "Browse Invites",
      "Browse Posts",
      "Browse Projects",
      "Browse Role Profiles",
      "Browse Role Settings",
      "Browse Roles",
      "Browse Secrets",
      "Browse Teams",
      "Browse Users",
      "Delete Content",
      "Delete Invites",
      "Delete Posts",
      "Delete Projects",
      "Delete Secrets",
      "Edit Content",
      "Edit Invites",
      "Edit Posts",
      "Edit Projects",
      "Edit Secrets",
      "Read Content",
      "Read Invites",
      "Read Posts",
      "Read Projects",
      "Read Role Profiles",
      "Read Role Settings",
      "Read Roles",
      "Read Secrets",
      "Read Teams",
      "Read Users",
      "Upload Content",
    ],
    "team2": Array [
      "Add Content",
      "Add Invites",
      "Add Posts",
      "Add Projects",
      "Add Secrets",
      "Browse Content",
      "Browse Invites",
      "Browse Posts",
      "Browse Projects",
      "Browse Role Profiles",
      "Browse Role Settings",
      "Browse Roles",
      "Browse Secrets",
      "Browse Teams",
      "Browse Users",
      "Delete Content",
      "Delete Invites",
      "Delete Posts",
      "Delete Projects",
      "Delete Secrets",
      "Edit Content",
      "Edit Invites",
      "Edit Posts",
      "Edit Projects",
      "Edit Secrets",
      "Read Content",
      "Read Invites",
      "Read Posts",
      "Read Projects",
      "Read Role Profiles",
      "Read Role Settings",
      "Read Roles",
      "Read Secrets",
      "Read Teams",
      "Read Users",
      "Upload Content",
    ],
  },
  "user3": Object {
    "team2": Array [
      "Add Content",
      "Add Invites",
      "Add Posts",
      "Add Projects",
      "Add Secrets",
      "Browse Content",
      "Browse Invites",
      "Browse Posts",
      "Browse Projects",
      "Browse Role Profiles",
      "Browse Role Settings",
      "Browse Roles",
      "Browse Secrets",
      "Browse Teams",
      "Browse Users",
      "Delete Content",
      "Delete Invites",
      "Delete Posts",
      "Delete Projects",
      "Delete Secrets",
      "Edit Content",
      "Edit Invites",
      "Edit Posts",
      "Edit Projects",
      "Edit Secrets",
      "Read Content",
      "Read Invites",
      "Read Posts",
      "Read Projects",
      "Read Role Profiles",
      "Read Role Settings",
      "Read Roles",
      "Read Secrets",
      "Read Teams",
      "Read Users",
      "Upload Content",
    ],
  },
}
`;

exports[`collaboration add collaborations 2`] = `
Object {
  "can user1 add user on team1": true,
  "can user1 add user on team2": true,
  "can user1 approve invite on team2": true,
  "can user2 add user on team1": false,
  "can user2 add user on team2": false,
  "can user2 approve invite on team2": false,
  "can user3 add user on team1": false,
  "can user3 add user on team2": false,
  "can user3 approve invite on team2": false,
  "can user4 add user on team1": false,
  "can user4 add user on team2": false,
  "can user4 approve invite on team2": false,
}
`;
