// Jest Snapshot v1, https://goo.gl/fbAQLP

exports[`can create a check constraint 1`] = `"character_length(username) >= 3 AND character_length(username) <= 20 AND username ~* '^[A-Za-z0-9_-]+$'"`;

exports[`can create a check constraint 2`] = `"reputation >= 3 AND reputation <= 20"`;

exports[`check updates 1`] = `"character_length(username) >= 3 AND character_length(username) <= 20 AND username ~* '^[A-Za-z0-9_-]+$'"`;

exports[`check updates 2`] = `"reputation >= 3 AND reputation <= 22"`;

exports[`check updates w null 1`] = `"character_length(username) >= 3 AND character_length(username) <= 20 AND username ~* '^[A-Za-z0-9_-]+$'"`;

exports[`check updates w null 2`] = `"reputation >= 3"`;

exports[`check updates w null 3`] = `"character_length(username) >= 3 AND character_length(username) <= 20 AND username ~* '^[A-Za-z0-9_-]+$'"`;

exports[`check updates w null 4`] = `"username ~* '^[A-Za-z]+$'"`;
