// Jest Snapshot v1, https://goo.gl/fbAQLP

exports[`forgot_password 1`] = `
Object {
  "attempts": 0,
  "created_at": "[DATE]",
  "id": "[ID]",
  "key": null,
  "last_error": null,
  "locked_at": null,
  "locked_by": null,
  "max_attempts": 25,
  "payload": Object {
    "email": "pyramation@gmail.com",
    "token": "[token]",
    "user_id": "[ID]",
  },
  "priority": 0,
  "queue_name": null,
  "run_at": "[DATE]",
  "task_identifier": "user__forgot_password",
  "updated_at": "[DATE]",
}
`;

exports[`forgot_password 2`] = `
Object {
  "access_token": "[token]",
  "access_token_expires_at": "[DATE]",
  "id": "[ID]",
  "user_id": "[ID]",
}
`;

exports[`reset_password attempts 1`] = `
Object {
  "attempts": 0,
  "created_at": "[DATE]",
  "id": "[ID]",
  "key": null,
  "last_error": null,
  "locked_at": null,
  "locked_by": null,
  "max_attempts": 25,
  "payload": Object {
    "email": "pyramation@gmail.com",
    "token": "[token]",
    "user_id": "[ID]",
  },
  "priority": 0,
  "queue_name": null,
  "run_at": "[DATE]",
  "task_identifier": "user__forgot_password",
  "updated_at": "[DATE]",
}
`;

exports[`set_password 1`] = `
Array [
  Object {
    "set_password": true,
  },
]
`;

exports[`set_password 2`] = `
Object {
  "access_token": "[token]",
  "access_token_expires_at": "[DATE]",
  "id": "[ID]",
  "user_id": "[ID]",
}
`;
