// Jest Snapshot v1, https://goo.gl/fbAQLP

exports[`fixtures 1`] = `
Object {
  "deparse": "INSERT INTO v_schema_name.v_table_name (a, b, c, d, e) VALUES (1, 'textme', 1.3, '{\\"a\\":1}'::jsonb, NULL, TRUE), (2, 'yolo', 1.3, '{\\"c\\":3}'::json, '{\\"d\\":4}'::jsonb, FALSE);",
}
`;
