// Jest Snapshot v1, https://goo.gl/fbAQLP

exports[`create_trigger deparse 1`] = `
Object {
  "deparse": "ALTER TABLE v_schema_name.v_table_name ALTER COLUMN v_field_name TYPE bit(123) USING lpad(v_field_name::text, 123, '0')::bit(123)",
}
`;
