// Jest Snapshot v1, https://goo.gl/fbAQLP

exports[`OBJECT_COLUMN comment 1`] = `"COMMENT ON COLUMN my_schema.my_table.my_column IS 'asdf'"`;

exports[`OBJECT_FUNCTION comment 1`] = `"COMMENT ON FUNCTION my_function ( arg_type_1, arg_type_2 ) IS 'asdf'"`;

exports[`OBJECT_MATVIEW comment 1`] = `"COMMENT ON MATERIALIZED VIEW my_schema.my_view IS 'asdf'"`;

exports[`OBJECT_TABCONSTRAINT comment 1`] = `"COMMENT ON CONSTRAINT my_constraint ON my_schema.my_table IS 'asdf'"`;

exports[`OBJECT_TABLE comment 1`] = `"COMMENT ON TABLE my_schema.my_table IS 'asdf'"`;

exports[`OBJECT_TYPE comment 1`] = `"COMMENT ON TYPE my_schema.my_type IS 'asdf'"`;

exports[`OBJECT_VIEW comment 1`] = `"COMMENT ON VIEW my_schema.my_view IS 'asdf'"`;

exports[`helpers function 1`] = `"COMMENT ON FUNCTION \\"schema-name\\".\\"function-name\\" IS 'hithere';"`;

exports[`helpers table 1`] = `"COMMENT ON TABLE \\"schema-name\\".\\"table-name\\" IS 'hithere';"`;

exports[`helpers table constraint 1`] = `"COMMENT ON CONSTRAINT my_constraint ON \\"schema-name\\".table_name IS 'hithere';"`;

exports[`helpers table constraint 2`] = `"COMMENT ON CONSTRAINT my_constraint ON table_name IS 'hithere';"`;

exports[`smart_comments for any complext 1`] = `"COMMENT ON CONSTRAINT my_constraint ON my_schema.my_table IS E'@type object\\\\n@required bookmarks\\\\n@properties {\\"bookmarks\\": {\\"type\\": \\"array\\", \\"items\\": {\\"type\\": \\"object\\", \\"required\\": [\\"id\\", \\"url\\", \\"title\\", \\"tags\\"], \\"properties\\": {\\"id\\": {\\"type\\": \\"number\\", \\"unique\\": true, \\"minimum\\": 1}, \\"url\\": {\\"type\\": \\"string\\", \\"faker\\": \\"internet.url\\"}, \\"tags\\": {\\"type\\": \\"string\\", \\"faker\\": \\"custom.tags\\"}, \\"title\\": {\\"type\\": \\"string\\"}}}, \\"maxItems\\": 5, \\"minItems\\": 3}}\\\\nmy description'"`;

exports[`smart_comments for any object 1`] = `"COMMENT ON CONSTRAINT my_constraint ON my_schema.my_table IS E'@a 1\\\\nmy description'"`;

exports[`smart_comments helpers column 1`] = `"COMMENT ON COLUMN schema_name.table_name.column_name IS E'@here wego\\\\nmy description';"`;

exports[`smart_comments helpers function 1`] = `"COMMENT ON FUNCTION \\"schema-name\\".\\"function-name\\" IS E'@b 1\\\\n@c 0\\\\n@c 1\\\\n@c 2\\\\n@c 3\\\\nmy description';"`;

exports[`smart_comments helpers table 1`] = `"COMMENT ON TABLE schema_name.table_name IS E'@here wego\\\\nmy description';"`;

exports[`smart_comments helpers table 2`] = `"COMMENT ON TABLE schema_name.table_name IS E'@here wego';"`;

exports[`smart_comments helpers table 3`] = `"COMMENT ON TABLE schema_name.table_name IS E'my descript';"`;

exports[`smart_comments helpers table 4`] = `"COMMENT ON TABLE schema_name.table_name IS NULL;"`;
