// Jest Snapshot v1, https://goo.gl/fbAQLP

exports[`test 1`] = `
"
  BEGIN
  IF (NEW.v_table_field IS NOT NULL) THEN
   SELECT ref.a,
ref.b,
ref.c FROM v_schema_name.v_table_name AS ref WHERE ref.v_ref_field = new.v_table_field
   INTO new.d,
new.e,
new.f;
  END IF;
  RETURN NEW;
  END;
"
`;
