// Jest Snapshot v1, https://goo.gl/fbAQLP

exports[`empty 1`] = `"IMPORT FOREIGN SCHEMA \\"HumanResources\\" LIMIT TO (\\"Employee\\", \\"Shift\\") FROM SERVER mssqldb INTO pg_temp OPTIONS (import_default 'false', import_not_null 'true')"`;
