// Jest Snapshot v1, https://goo.gl/fbAQLP

exports[`create_insert 1`] = `"INSERT INTO myschema.mytable (id, value) VALUES (1, 'yo'), (2, 'yo2')"`;
