// Jest Snapshot v1, https://goo.gl/fbAQLP

exports[`deparse 1`] = `"SELECT '1 day 01:23:45.6789'::interval (0)"`;
