// Jest Snapshot v1, https://goo.gl/fbAQLP

exports[`a_array_expr 1`] = `"ARRAY[namesplaceholder1, namesplaceholder2]"`;

exports[`a_const 1`] = `"'aconst'"`;

exports[`a_const int 1`] = `"2"`;

exports[`a_const str 1`] = `"'astring'"`;

exports[`a_expr 0-4 1`] = `"(<lexpr placeholder> = <rexpr placeholder>)"`;

exports[`a_expr 0-4 2`] = `"<lexpr placeholder> = ANY( <rexpr placeholder> )"`;

exports[`a_expr 0-4 3`] = `"<lexpr placeholder> = ALL( <rexpr placeholder> )"`;

exports[`a_expr 0-4 4`] = `"<lexpr placeholder> IS DISTINCT FROM <rexpr placeholder>"`;

exports[`a_expr 0-4 5`] = `"NULLIF(<lexpr placeholder>, <rexpr placeholder>)"`;

exports[`a_expr 0-4 name 1`] = `"(<lexpr placeholder> OPERATOR(\\"<name1 placeholder>\\".<name2 placeholder>) <rexpr placeholder>)"`;

exports[`a_expr 0-4 name 2`] = `"<lexpr placeholder> <name1 placeholder> ANY( <rexpr placeholder> )"`;

exports[`a_expr 0-4 name 3`] = `"<lexpr placeholder> <name1 placeholder> ALL( <rexpr placeholder> )"`;

exports[`a_expr 0-4 name 4`] = `"<lexpr placeholder> IS DISTINCT FROM <rexpr placeholder>"`;

exports[`a_expr 0-4 name 5`] = `"NULLIF(<lexpr placeholder>, <rexpr placeholder>)"`;

exports[`a_expr 1`] = `"(a = b)"`;

exports[`a_expr 2`] = `"(<lexpr placeholder> = <rexpr placeholder>)"`;

exports[`a_expr 5  1`] = `"<lexpr placeholder> IS OF ( <rexpr placeholder> )"`;

exports[`a_expr 6-7  1`] = `"<lexpr placeholder> IN ( <rexpr placeholder> )"`;

exports[`a_expr 6-7  2`] = `"<lexpr placeholder> IN ( <rexpr placeholder> )"`;

exports[`a_expr 8-9 1`] = `"<lexpr placeholder> LIKE ( <rexpr placeholder> )"`;

exports[`a_expr 8-9 2`] = `"<lexpr placeholder> ILIKE ( <rexpr placeholder> )"`;

exports[`a_expr 10 1`] = `"<lexpr placeholder> SIMILAR TO arg1 ESCAPE arg2"`;

exports[`a_expr 11-12 1`] = `"<lexpr placeholder> BETWEEN arg1 AND arg2"`;

exports[`a_expr 11-12 2`] = `"<lexpr placeholder> NOT BETWEEN arg1 AND arg2"`;

exports[`a_indices 1`] = `"[2]"`;

exports[`a_indices 2`] = `"[2:2]"`;

exports[`a_indirection 1`] = `".namesplaceholder1.namesplaceholder2"`;

exports[`a_star 1`] = `"*"`;

exports[`alias 1`] = `"AS myrule (namesplaceholder)"`;

exports[`alias 2`] = `"AS myrule"`;

exports[`bit_string 1`] = `"m'ystring'"`;

exports[`bool_expr 1`] = `"(namesplaceholder1 AND namesplaceholder2)"`;

exports[`bool_expr 2`] = `"(namesplaceholder1 OR namesplaceholder2)"`;

exports[`bool_expr 3`] = `"NOT IN (namesplaceholder1)"`;

exports[`boolean_test 1`] = `"<booltest placeholder> IS TRUE"`;

exports[`boolean_test 2`] = `"<booltest placeholder> IS NOT TRUE"`;

exports[`boolean_test 3`] = `"<booltest placeholder> IS FALSE"`;

exports[`boolean_test 4`] = `"<booltest placeholder> IS NOT FALSE"`;

exports[`boolean_test 5`] = `"<booltest placeholder> IS UNKNOWN"`;

exports[`boolean_test 6`] = `"<booltest placeholder> IS NOT UNKNOWN"`;

exports[`case_expr 1`] = `"CASE <arg placeholder> <arg1> <arg2> ELSE <defresult placeholder> END"`;

exports[`case_expr 2`] = `"CASE <arg placeholder> ELSE <defresult placeholder> END"`;

exports[`coalesce_expr 1`] = `"COALESCE(<arg1>, <arg2>)"`;

exports[`collate_clause 1`] = `"<arg1> COLLATE \\"<arg1>\\", \\"<arg2>\\""`;

exports[`column_def 1`] = `"mycol text USING <arg3> <arg1> <arg2> COLLATE"`;

exports[`column_def 2`] = `"mycol text <arg1> <arg2>"`;

exports[`column_def 3`] = `"\\"my-col\\" text"`;

exports[`composite_type_stmt 1`] = `"CREATE TYPE <arg1> AS (<arg1>,<arg2>)"`;

exports[`func_call 1`] = `"dan ()"`;

exports[`raw_stmt 1`] = `"NULL::text[]"`;

exports[`rename_stmt 1`] = `"ALTER TABLE <arg1> RENAME COLUMN subname TO newname"`;

exports[`rule_stmt 1`] = `"CREATE RULE \\"my-rule\\" AS ON INSERT TO <relation placeholder> WHERE <whereClause placeholder> DO <actions placeholder>"`;

exports[`type_cast 1`] = `"NULL::text[]"`;

exports[`type_name 1`] = `"text"`;
