// Jest Snapshot v1, https://goo.gl/fbAQLP

exports[`create db 1`] = `
Object {
  "created_at": "[DATE]",
  "id": "[ID]",
  "name": "mydb",
  "owner_id": "[ID]",
  "private_schema_name": "[schemahash]",
  "schema_hash": "[schemahash]",
  "schema_name": "[schemahash]",
  "updated_at": "[DATE]",
}
`;
