// Jest Snapshot v1, https://goo.gl/fbAQLP

exports[`register user 1`] = `
Object {
  "access_token": "[token]",
  "access_token_expires_at": "[DATE]",
  "id": "[ID]",
  "user_id": "[ID]",
}
`;
